\BOOKMARK [0][-]{chapter.1}{\376\377\000I\000n\000t\000r\000o\000d\000u\000c\000c\000i\000\363\000n}{}% 1
\BOOKMARK [1][-]{section.1.1}{\376\377\000M\000o\000t\000i\000v\000a\000c\000i\000\363\000n\000\040\000y\000\040\000n\000e\000c\000e\000s\000i\000d\000a\000d\000e\000s\000\040\000d\000e\000l\000\040\000p\000r\000o\000y\000e\000c\000t\000o}{chapter.1}% 2
\BOOKMARK [1][-]{section.1.2}{\376\377\000O\000b\000j\000e\000t\000i\000v\000o\000s}{chapter.1}% 3
\BOOKMARK [1][-]{section.1.3}{\376\377\000E\000s\000t\000r\000u\000c\000t\000u\000r\000a\000\040\000d\000e\000\040\000l\000a\000\040\000m\000e\000m\000o\000r\000i\000a}{chapter.1}% 4
\BOOKMARK [0][-]{chapter.2}{\376\377\000E\000s\000t\000a\000d\000o\000\040\000d\000e\000l\000\040\000A\000r\000t\000e}{}% 5
\BOOKMARK [1][-]{section.2.1}{\376\377\000P\000r\000o\000c\000e\000s\000a\000m\000i\000e\000n\000t\000o\000,\000\040\000T\000r\000a\000n\000s\000c\000o\000d\000i\000f\000i\000c\000a\000c\000i\000\363\000n\000\040\000y\000\040\000E\000n\000t\000r\000e\000g\000a\000\040\000d\000e\000\040\000V\000i\000d\000e\000o}{chapter.2}% 6
\BOOKMARK [2][-]{subsection.2.1.1}{\376\377\000F\000F\000m\000p\000e\000g}{section.2.1}% 7
\BOOKMARK [2][-]{subsection.2.1.2}{\376\377\000M\000P\000E\000G\000-\000D\000A\000S\000H}{section.2.1}% 8
\BOOKMARK [2][-]{subsection.2.1.3}{\376\377\000H\000L\000S}{section.2.1}% 9
\BOOKMARK [2][-]{subsection.2.1.4}{\376\377\000O\000b\000j\000e\000c\000t\000\040\000S\000t\000o\000r\000a\000g\000e}{section.2.1}% 10
\BOOKMARK [2][-]{subsection.2.1.5}{\376\377\000C\000D\000N\000\040\000-\000\040\000C\000o\000n\000t\000e\000n\000t\000\040\000D\000e\000l\000i\000v\000e\000r\000y\000\040\000N\000e\000t\000w\000o\000r\000k}{section.2.1}% 11
\BOOKMARK [2][-]{subsection.2.1.6}{\376\377\000C\000o\000l\000a\000s\000\040\000d\000e\000\040\000P\000r\000o\000c\000e\000s\000a\000m\000i\000e\000n\000t\000o}{section.2.1}% 12
\BOOKMARK [1][-]{section.2.2}{\376\377\000A\000n\000\341\000l\000i\000s\000i\000s\000\040\000d\000e\000\040\000P\000r\000o\000v\000e\000e\000d\000o\000r\000e\000s}{chapter.2}% 13
\BOOKMARK [2][-]{subsection.2.2.1}{\376\377\000A\000m\000a\000z\000o\000n\000\040\000W\000e\000b\000\040\000S\000e\000r\000v\000i\000c\000e\000s\000\040\000y\000\040\000s\000o\000l\000u\000c\000i\000\363\000n\000\040\000p\000r\000o\000p\000i\000a}{section.2.2}% 14
\BOOKMARK [2][-]{subsection.2.2.2}{\376\377\000M\000u\000x\000.\000c\000o\000m}{section.2.2}% 15
\BOOKMARK [2][-]{subsection.2.2.3}{\376\377\000B\000u\000n\000n\000y\000.\000n\000e\000t}{section.2.2}% 16
\BOOKMARK [2][-]{subsection.2.2.4}{\376\377\000T\000a\000b\000l\000a\000\040\000c\000o\000m\000p\000a\000r\000a\000t\000i\000v\000a\000\040\000d\000e\000\040\000p\000r\000o\000v\000e\000e\000d\000o\000r\000e\000s}{section.2.2}% 17
\BOOKMARK [1][-]{section.2.3}{\376\377\000M\000o\000d\000e\000l\000o\000s\000\040\000d\000e\000\040\000A\000r\000q\000u\000i\000t\000e\000c\000t\000u\000r\000a}{chapter.2}% 18
\BOOKMARK [2][-]{subsection.2.3.1}{\376\377\000M\000o\000d\000e\000l\000o\000\040\000C\000e\000n\000t\000r\000a\000l\000i\000z\000a\000d\000o}{section.2.3}% 19
\BOOKMARK [2][-]{subsection.2.3.2}{\376\377\000M\000o\000d\000e\000l\000o\000\040\000F\000e\000d\000e\000r\000a\000d\000o}{section.2.3}% 20
\BOOKMARK [2][-]{subsection.2.3.3}{\376\377\000M\000o\000d\000e\000l\000o\000\040\000P\000e\000e\000r\000-\000t\000o\000-\000P\000e\000e\000r\000\040\000\050\000P\0002\000P\000\051}{section.2.3}% 21
\BOOKMARK [0][-]{chapter.3}{\376\377\000T\000e\000c\000n\000o\000l\000o\000g\000\355\000a\000s\000\040\000E\000m\000p\000l\000e\000a\000d\000a\000s}{}% 22
\BOOKMARK [1][-]{section.3.1}{\376\377\000B\000a\000c\000k\000e\000n\000d}{chapter.3}% 23
\BOOKMARK [2][-]{subsection.3.1.1}{\376\377\000T\000y\000p\000e\000S\000c\000r\000i\000p\000t\000\040\000c\000o\000m\000o\000\040\000l\000e\000n\000g\000u\000a\000j\000e\000\040\000d\000e\000\040\000p\000r\000o\000g\000r\000a\000m\000a\000c\000i\000\363\000n}{section.3.1}% 24
\BOOKMARK [2][-]{subsection.3.1.2}{\376\377\000B\000a\000s\000e\000\040\000d\000e\000\040\000D\000a\000t\000o\000s}{section.3.1}% 25
\BOOKMARK [2][-]{subsection.3.1.3}{\376\377\000O\000R\000M\000s}{section.3.1}% 26
\BOOKMARK [2][-]{subsection.3.1.4}{\376\377\000C\000o\000m\000u\000n\000i\000c\000a\000c\000i\000\363\000n\000\040\000C\000l\000i\000e\000n\000t\000e\000\040\000S\000e\000r\000v\000i\000d\000o\000r\000\040\000-\000\040\000t\000R\000P\000C}{section.3.1}% 27
\BOOKMARK [2][-]{subsection.3.1.5}{\376\377\000N\000e\000x\000t\000.\000j\000s\000\040\000-\000\040\000b\000a\000c\000k\000e\000n\000d}{section.3.1}% 28
\BOOKMARK [2][-]{subsection.3.1.6}{\376\377\000A\000u\000t\000e\000n\000t\000i\000c\000a\000c\000i\000\363\000n\000\040\000-\000\040\000C\000l\000e\000r\000k\000A\000u\000t\000h}{section.3.1}% 29
\BOOKMARK [1][-]{section.3.2}{\376\377\000F\000r\000o\000n\000t\000e\000n\000d}{chapter.3}% 30
\BOOKMARK [2][-]{subsection.3.2.1}{\376\377\000R\000e\000a\000c\000t\000.\000J\000s}{section.3.2}% 31
\BOOKMARK [2][-]{subsection.3.2.2}{\376\377\000N\000e\000x\000t\000.\000J\000s\000\040\000-\000\040\000f\000r\000o\000n\000t\000e\000n\000d}{section.3.2}% 32
\BOOKMARK [2][-]{subsection.3.2.3}{\376\377\000T\000a\000i\000l\000w\000i\000n\000d\000C\000S\000S\000\040\000y\000\040\000S\000h\000a\000d\000c\000n}{section.3.2}% 33
\BOOKMARK [0][-]{chapter.4}{\376\377\000I\000n\000n\000o\000v\000a\000c\000i\000o\000n\000e\000s}{}% 34
\BOOKMARK [1][-]{section.4.1}{\376\377\000P\000r\000o\000b\000l\000e\000m\000a\000s\000\040\000d\000e\000t\000e\000c\000t\000a\000d\000o\000s\000\040\000y\000\040\000l\000a\000\040\000s\000o\000l\000u\000c\000i\000\363\000n\000\040\000d\000e\000\040\000B\000o\000o\000s\000t\000e\000r}{chapter.4}% 35
\BOOKMARK [2][-]{subsection.4.1.1}{\376\377\000P\000r\000o\000b\000l\000e\000m\000a\000s\000\040\000c\000o\000n\000\040\000e\000l\000\040\000a\000l\000g\000o\000r\000i\000t\000m\000o\000\040\000d\000e\000\040\000r\000e\000c\000o\000m\000e\000n\000d\000a\000c\000i\000\363\000n}{section.4.1}% 36
\BOOKMARK [2][-]{subsection.4.1.2}{\376\377\000P\000r\000o\000b\000l\000e\000m\000a\000s\000\040\000e\000n\000\040\000e\000n\000c\000o\000n\000t\000r\000a\000r\000\040\000c\000o\000m\000u\000n\000i\000d\000a\000d\000e\000s}{section.4.1}% 37
\BOOKMARK [2][-]{subsection.4.1.3}{\376\377\000P\000r\000o\000b\000l\000e\000m\000a\000s\000\040\000c\000o\000n\000\040\000l\000o\000s\000\040\000a\000n\000u\000n\000c\000i\000o\000s}{section.4.1}% 38
\BOOKMARK [1][-]{section.4.2}{\376\377\000M\000e\000j\000o\000r\000a\000s\000\040\000e\000\040\000I\000n\000n\000o\000v\000a\000c\000i\000o\000n\000e\000s}{chapter.4}% 39
\BOOKMARK [2][-]{subsection.4.2.1}{\376\377\000M\000e\000j\000o\000r\000a\000s\000\040\000e\000n\000\040\000l\000a\000\040\000i\000n\000t\000e\000r\000f\000a\000z\000\040\000d\000e\000\040\000u\000s\000u\000a\000r\000i\000o}{section.4.2}% 40
\BOOKMARK [2][-]{subsection.4.2.2}{\376\377\000M\000e\000j\000o\000r\000a\000s\000\040\000e\000n\000\040\000l\000o\000s\000\040\000m\000\351\000t\000o\000d\000o\000s\000\040\000d\000e\000\040\000m\000o\000d\000e\000r\000a\000c\000i\000\363\000n}{section.4.2}% 41
\BOOKMARK [2][-]{subsection.4.2.3}{\376\377\000M\000e\000j\000o\000r\000a\000s\000\040\000e\000n\000\040\000l\000o\000s\000\040\000c\000o\000m\000e\000n\000t\000a\000r\000i\000o\000s}{section.4.2}% 42
\BOOKMARK [2][-]{subsection.4.2.4}{\376\377\000M\000e\000j\000o\000r\000a\000s\000\040\000e\000n\000\040\000l\000o\000s\000\040\000c\000a\000n\000a\000l\000e\000s\000\040\000d\000e\000\040\000u\000s\000u\000a\000r\000i\000o}{section.4.2}% 43
\BOOKMARK [2][-]{subsection.4.2.5}{\376\377\000I\000n\000c\000o\000r\000p\000o\000r\000a\000c\000i\000\363\000n\000\040\000d\000e\000\040\000g\000a\000m\000i\000f\000i\000c\000a\000c\000i\000\363\000n}{section.4.2}% 44
\BOOKMARK [0][-]{chapter.5}{\376\377\000A\000n\000\341\000l\000i\000s\000i\000s}{}% 45
\BOOKMARK [1][-]{section.5.1}{\376\377\000R\000e\000q\000u\000i\000s\000i\000t\000o\000s\000\040\000F\000u\000n\000c\000i\000o\000n\000a\000l\000e\000s}{chapter.5}% 46
\BOOKMARK [1][-]{section.5.2}{\376\377\000R\000e\000q\000u\000i\000s\000i\000t\000o\000s\000\040\000N\000o\000\040\000F\000u\000n\000c\000i\000o\000n\000a\000l\000e\000s}{chapter.5}% 47
\BOOKMARK [1][-]{section.5.3}{\376\377\000A\000c\000t\000o\000r\000e\000s}{chapter.5}% 48
\BOOKMARK [1][-]{section.5.4}{\376\377\000C\000a\000s\000o\000s\000\040\000d\000e\000\040\000u\000s\000o}{chapter.5}% 49
\BOOKMARK [1][-]{section.5.5}{\376\377\000D\000i\000a\000g\000r\000a\000m\000a\000s\000\040\000d\000e\000\040\000s\000e\000c\000u\000e\000n\000c\000i\000a}{chapter.5}% 50
\BOOKMARK [1][-]{section.5.6}{\376\377\000D\000i\000a\000g\000r\000a\000m\000a\000\040\000E\000n\000t\000i\000d\000a\000d\000\040\000R\000e\000l\000a\000c\000i\000\363\000n}{chapter.5}% 51
\BOOKMARK [0][-]{chapter.6}{\376\377\000D\000i\000s\000e\000\361\000o\000\040\000y\000\040\000A\000r\000q\000u\000i\000t\000e\000c\000t\000u\000r\000a}{}% 52
\BOOKMARK [1][-]{section.6.1}{\376\377\000P\000a\000t\000r\000o\000n\000e\000s\000\040\000y\000\040\000m\000e\000j\000o\000r\000e\000s\000\040\000p\000r\000\341\000c\000t\000i\000c\000a\000s}{chapter.6}% 53
\BOOKMARK [1][-]{section.6.2}{\376\377\000D\000i\000s\000e\000\361\000o\000\040\000d\000e\000\040\000l\000a\000\040\000A\000u\000t\000e\000n\000t\000i\000c\000a\000c\000i\000\363\000n}{chapter.6}% 54
\BOOKMARK [1][-]{section.6.3}{\376\377\000D\000i\000s\000e\000\361\000o\000\040\000d\000e\000\040\000l\000a\000\040\000B\000a\000s\000e\000\040\000d\000e\000\040\000D\000a\000t\000o\000s}{chapter.6}% 55
\BOOKMARK [1][-]{section.6.4}{\376\377\000A\000r\000q\000u\000i\000t\000e\000c\000t\000u\000r\000a\000\040\000d\000e\000\040\000p\000r\000o\000c\000e\000s\000a\000m\000i\000e\000n\000t\000o\000\040\000p\000r\000o\000p\000i\000a}{chapter.6}% 56
\BOOKMARK [1][-]{section.6.5}{\376\377\000A\000r\000q\000u\000i\000t\000e\000c\000t\000u\000r\000a\000\040\000d\000e\000\040\000p\000r\000o\000c\000e\000s\000a\000m\000i\000e\000n\000t\000o\000\040\000c\000o\000n\000\040\000u\000n\000\040\000p\000r\000o\000v\000e\000e\000d\000o\000r}{chapter.6}% 57
\BOOKMARK [1][-]{section.6.6}{\376\377\000D\000i\000s\000e\000\361\000o\000\040\000d\000e\000\040\000l\000a\000\040\000i\000n\000t\000e\000r\000f\000a\000z\000\040\000d\000e\000\040\000u\000s\000u\000a\000r\000i\000o}{chapter.6}% 58
\BOOKMARK [2][-]{subsection.6.6.1}{\376\377\000C\000o\000m\000e\000n\000t\000a\000r\000i\000o\000s}{section.6.6}% 59
\BOOKMARK [2][-]{subsection.6.6.2}{\376\377\000I\000n\000t\000e\000r\000f\000a\000z\000\040\000d\000e\000\040\000V\000i\000d\000e\000o}{section.6.6}% 60
\BOOKMARK [2][-]{subsection.6.6.3}{\376\377\000S\000e\000c\000c\000i\000o\000n\000e\000s\000\040\000d\000e\000\040\000V\000i\000d\000e\000o}{section.6.6}% 61
\BOOKMARK [1][-]{section.6.7}{\376\377\000D\000i\000s\000e\000\361\000o\000\040\000d\000e\000l\000\040\000A\000l\000g\000o\000r\000i\000t\000m\000o\000\040\000d\000e\000\040\000R\000e\000c\000o\000m\000e\000n\000d\000a\000c\000i\000\363\000n}{chapter.6}% 62
\BOOKMARK [1][-]{section.6.8}{\376\377\000D\000i\000s\000e\000\361\000o\000\040\000d\000e\000\040\000l\000a\000\040\000b\000\372\000s\000q\000u\000e\000d\000a\000\040\000s\000e\000m\000\341\000n\000t\000i\000c\000a\000\040\000d\000e\000\040\000v\000i\000d\000e\000o\000s}{chapter.6}% 63
\BOOKMARK [0][-]{chapter.7}{\376\377\000D\000e\000s\000a\000r\000r\000o\000l\000l\000o}{}% 64
\BOOKMARK [1][-]{section.7.1}{\376\377\000I\000m\000p\000l\000e\000m\000e\000n\000t\000a\000c\000i\000\363\000n\000\040\000d\000e\000l\000\040\000p\000r\000o\000c\000e\000s\000a\000m\000i\000e\000n\000t\000o\000\040\000d\000e\000\040\000v\000i\000d\000e\000o\000s\000\040\000p\000r\000o\000p\000i\000o}{chapter.7}% 65
\BOOKMARK [1][-]{section.7.2}{\376\377\000I\000m\000p\000l\000e\000m\000e\000n\000t\000a\000c\000i\000\363\000n\000\040\000d\000e\000l\000\040\000p\000r\000o\000c\000e\000s\000a\000m\000i\000e\000n\000t\000o\000\040\000d\000e\000\040\000v\000i\000d\000e\000o\000s\000\040\000c\000o\000n\000\040\000p\000r\000o\000v\000e\000e\000d\000o\000r}{chapter.7}% 66
\BOOKMARK [1][-]{section.7.3}{\376\377\000I\000m\000p\000l\000e\000m\000e\000n\000t\000a\000c\000i\000\363\000n\000\040\000d\000e\000\040\000l\000o\000s\000\040\000c\000o\000m\000e\000n\000t\000a\000r\000i\000o\000s}{chapter.7}% 67
\BOOKMARK [1][-]{section.7.4}{\376\377\000P\000a\000t\000r\000o\000n\000e\000s\000\040\000y\000\040\000m\000e\000j\000o\000r\000e\000s\000\040\000p\000r\000\341\000c\000t\000i\000c\000a\000s\000\040\000e\000n\000\040\000c\000\363\000d\000i\000g\000o}{chapter.7}% 68
\BOOKMARK [1][-]{section.7.5}{\376\377\000A\000c\000c\000e\000d\000e\000r\000\040\000y\000\040\000m\000o\000d\000i\000f\000i\000c\000a\000r\000\040\000d\000a\000t\000o\000s\000\040\000d\000e\000\040\000u\000s\000u\000a\000r\000i\000o}{chapter.7}% 69
\BOOKMARK [1][-]{section.7.6}{\376\377\000A\000c\000c\000e\000d\000e\000r\000\040\000y\000\040\000m\000o\000d\000i\000f\000i\000c\000a\000r\000\040\000d\000a\000t\000o\000s\000\040\000d\000e\000\040\000v\000i\000d\000e\000o}{chapter.7}% 70
\BOOKMARK [0][-]{chapter.8}{\376\377\000P\000r\000u\000e\000b\000a\000s\000,\000\040\000V\000a\000l\000i\000d\000a\000c\000i\000\363\000n\000\040\000y\000\040\000R\000i\000e\000s\000g\000o\000s\000\040\000d\000e\000\040\000S\000e\000g\000u\000r\000i\000d\000a\000d}{}% 71
\BOOKMARK [1][-]{section.8.1}{\376\377\000P\000r\000u\000e\000b\000a\000s\000\040\000d\000e\000\040\000f\000u\000n\000c\000i\000o\000n\000a\000m\000i\000e\000n\000t\000o}{chapter.8}% 72
\BOOKMARK [1][-]{section.8.2}{\376\377\000F\000e\000e\000d\000B\000a\000c\000k\000\040\000d\000e\000\040\000U\000s\000u\000a\000r\000i\000o\000s}{chapter.8}% 73
\BOOKMARK [1][-]{section.8.3}{\376\377\000V\000u\000l\000n\000e\000r\000a\000b\000i\000l\000i\000d\000a\000d\000e\000s\000\040\000d\000e\000t\000e\000c\000t\000a\000d\000a\000s\000\040\000y\000\040\000m\000e\000d\000i\000d\000a\000s\000\040\000t\000o\000m\000a\000d\000a\000s}{chapter.8}% 74
\BOOKMARK [1][-]{section.8.4}{\376\377\000M\000e\000d\000i\000d\000a\000s\000\040\000d\000e\000\040\000s\000e\000g\000u\000r\000i\000d\000a\000d}{chapter.8}% 75
\BOOKMARK [2][-]{subsection.8.4.1}{\376\377\000P\000r\000o\000t\000e\000c\000c\000i\000\363\000n\000\040\000a\000c\000c\000e\000s\000o\000\040\000a\000\040\000r\000u\000t\000a\000s}{section.8.4}% 76
\BOOKMARK [2][-]{subsection.8.4.2}{\376\377\000P\000r\000o\000t\000e\000c\000c\000i\000\363\000n\000\040\000a\000c\000c\000e\000s\000o\000\040\000y\000\040\000m\000o\000d\000i\000f\000i\000c\000a\000c\000i\000\363\000n\000\040\000d\000e\000\040\000v\000i\000d\000e\000o\000s}{section.8.4}% 77
\BOOKMARK [2][-]{subsection.8.4.3}{\376\377\000L\000i\000m\000i\000t\000a\000c\000i\000o\000n\000e\000s\000\040\000d\000e\000\040\000u\000s\000o\000\040\000\050\000R\000a\000t\000e\000\040\000L\000i\000m\000i\000t\000s\000\051}{section.8.4}% 78
\BOOKMARK [0][-]{chapter.9}{\376\377\000C\000o\000n\000c\000l\000u\000s\000i\000o\000n\000e\000s}{}% 79
\BOOKMARK [0][-]{chapter.10}{\376\377\000A\000n\000\341\000l\000i\000s\000i\000s\000\040\000d\000e\000\040\000I\000m\000p\000a\000c\000t\000o}{}% 80
\BOOKMARK [0][-]{section*.12}{\376\377\000B\000i\000b\000l\000i\000o\000g\000r\000a\000f\000\355\000a}{}% 81
\BOOKMARK [-1][-]{part*.14}{\376\377\000A\000n\000e\000x\000o\000s}{}% 82
\BOOKMARK [0][-]{appendix.Alph1}{\376\377\000P\000r\000i\000m\000e\000r\000\040\000a\000n\000e\000x\000o}{part*.14}% 83
